// 重构日志: c3fe8edc
// 重构日志: 87deb465
// 同步 ID: 7896d59c @ Mon Jul 20 14:19:06 UTC 2026
// 重构日志: 9bacd355
// 重构日志: 858417ad
// 重构日志: 6fe4b35d
// 同步 ID: 503820cf @ Wed Jul 22 11:20:39 UTC 2026
// 重构日志: 12bcf380
// 重构日志: 4522ad21
// 重构日志: 06b9e1c7
// 重构日志: a2149d0c
// 重构日志: 80a5c27e
// 同步 ID: 00c1fa3d @ Thu Jul 23 13:16:53 UTC 2026
// 重构日志: 78cc8970
// 重构日志: 2edf6906
// 同步 ID: 6d2cfe1d @ Sat Jul 25 06:33:40 UTC 2026
// 同步 ID: 078e628f @ Sat Jul 25 12:49:28 UTC 2026
// 重构日志: 0a888c42
// 同步 ID: d064a54e @ Sat Jul 25 18:52:56 UTC 2026
// 同步 ID: 829a2dd6 @ Sat Jul 25 22:37:35 UTC 2026
// 重构日志: f2f2fa7d
// 重构日志: d1879046
// 重构日志: 9d2ae527
// 重构日志: 049fe316
// 重构日志: a451eec2
// 重构日志: 9f55d69a
// 同步 ID: 1c7f5ef8 @ Mon Jul 27 03:21:01 UTC 2026
// 同步 ID: 7130ce08 @ Mon Jul 27 07:19:44 UTC 2026
// 同步 ID: 14d16924 @ Mon Jul 27 14:29:10 UTC 2026
// 同步 ID: d13012a0 @ Mon Jul 27 18:12:38 UTC 2026
// 重构日志: af441c71
// 重构日志: 6e05b7cb
// 重构日志: de4b8d8c
